INFO:     Started server process [13848]
INFO:     Waiting for application startup.
INFO:     Application startup complete.
INFO:     Uvicorn running on http://0.0.0.0:8000 (Press CTRL+C to quit)
Trading API Server starting...
INFO:     127.0.0.1:56752 - "POST /api/login HTTP/1.1" 401 Unauthorized
INFO:     127.0.0.1:56754 - "POST /api/login HTTP/1.1" 200 OK
INFO:     127.0.0.1:56756 - "GET /api/dashboard HTTP/1.1" 200 OK
INFO:     127.0.0.1:64136 - "GET /api/dashboard HTTP/1.1" 200 OK
INFO:     127.0.0.1:57991 - "GET /api/dashboard HTTP/1.1" 200 OK
INFO:     127.0.0.1:54911 - "POST /api/fyers/save-creds HTTP/1.1" 200 OK
INFO:     127.0.0.1:60640 - "GET /api/dashboard HTTP/1.1" 200 OK
INFO:     127.0.0.1:50800 - "GET /api/fyers/auth-url HTTP/1.1" 200 OK
INFO:     127.0.0.1:50827 - "GET /api/dashboard HTTP/1.1" 200 OK
INFO:     127.0.0.1:50830 - "POST /api/fyers/auth-token HTTP/1.1" 500 Internal Server Error
ERROR:    Exception in ASGI application
Traceback (most recent call last):
  File "C:\Users\Imman\Kiwi_Bot_model\venv\Lib\site-packages\uvicorn\protocols\http\httptools_impl.py", line 421, in run_asgi
    result = await app(  # type: ignore[func-returns-value]
             ^^^^^^^^^^^^^^^^^^^^^^^^^^^^^^^^^^^^^^^^^^^^^^
        self.scope, self.receive, self.send
        ^^^^^^^^^^^^^^^^^^^^^^^^^^^^^^^^^^^
    )
    ^
  File "C:\Users\Imman\Kiwi_Bot_model\venv\Lib\site-packages\uvicorn\middleware\proxy_headers.py", line 62, in __call__
    return await self.app(scope, receive, send)
           ^^^^^^^^^^^^^^^^^^^^^^^^^^^^^^^^^^^^
  File "C:\Users\Imman\Kiwi_Bot_model\venv\Lib\site-packages\fastapi\applications.py", line 1163, in __call__
    await super().__call__(scope, receive, send)
  File "C:\Users\Imman\Kiwi_Bot_model\venv\Lib\site-packages\starlette\applications.py", line 90, in __call__
    await self.middleware_stack(scope, receive, send)
  File "C:\Users\Imman\Kiwi_Bot_model\venv\Lib\site-packages\starlette\middleware\errors.py", line 186, in __call__
    raise exc
  File "C:\Users\Imman\Kiwi_Bot_model\venv\Lib\site-packages\starlette\middleware\errors.py", line 164, in __call__
    await self.app(scope, receive, _send)
  File "C:\Users\Imman\Kiwi_Bot_model\venv\Lib\site-packages\starlette\middleware\base.py", line 193, in __call__
    response = await self.dispatch_func(request, call_next)
               ^^^^^^^^^^^^^^^^^^^^^^^^^^^^^^^^^^^^^^^^^^^^
  File "C:\Users\Imman\Kiwi_Bot_model\backend\api_server.py", line 273, in auth_middleware
    return await call_next(request)
           ^^^^^^^^^^^^^^^^^^^^^^^^
  File "C:\Users\Imman\Kiwi_Bot_model\venv\Lib\site-packages\starlette\middleware\base.py", line 168, in call_next
    raise app_exc from app_exc.__cause__ or app_exc.__context__
  File "C:\Users\Imman\Kiwi_Bot_model\venv\Lib\site-packages\starlette\middleware\base.py", line 144, in coro
    await self.app(scope, receive_or_disconnect, send_no_error)
  File "C:\Users\Imman\Kiwi_Bot_model\venv\Lib\site-packages\starlette\middleware\cors.py", line 88, in __call__
    await self.app(scope, receive, send)
  File "C:\Users\Imman\Kiwi_Bot_model\venv\Lib\site-packages\starlette\middleware\exceptions.py", line 63, in __call__
    await wrap_app_handling_exceptions(self.app, conn)(scope, receive, send)
  File "C:\Users\Imman\Kiwi_Bot_model\venv\Lib\site-packages\starlette\_exception_handler.py", line 53, in wrapped_app
    raise exc
  File "C:\Users\Imman\Kiwi_Bot_model\venv\Lib\site-packages\starlette\_exception_handler.py", line 42, in wrapped_app
    await app(scope, receive, sender)
  File "C:\Users\Imman\Kiwi_Bot_model\venv\Lib\site-packages\fastapi\middleware\asyncexitstack.py", line 18, in __call__
    await self.app(scope, receive, send)
  File "C:\Users\Imman\Kiwi_Bot_model\venv\Lib\site-packages\starlette\routing.py", line 660, in __call__
    await self.middleware_stack(scope, receive, send)
  File "C:\Users\Imman\Kiwi_Bot_model\venv\Lib\site-packages\fastapi\routing.py", line 2683, in app
    await route.handle(scope, receive, send)
  File "C:\Users\Imman\Kiwi_Bot_model\venv\Lib\site-packages\fastapi\routing.py", line 1266, in handle
    await super().handle(scope, receive, send)
  File "C:\Users\Imman\Kiwi_Bot_model\venv\Lib\site-packages\starlette\routing.py", line 276, in handle
    await self.app(scope, receive, send)
  File "C:\Users\Imman\Kiwi_Bot_model\venv\Lib\site-packages\fastapi\routing.py", line 150, in app
    await wrap_app_handling_exceptions(app, request)(scope, receive, send)
  File "C:\Users\Imman\Kiwi_Bot_model\venv\Lib\site-packages\starlette\_exception_handler.py", line 53, in wrapped_app
    raise exc
  File "C:\Users\Imman\Kiwi_Bot_model\venv\Lib\site-packages\starlette\_exception_handler.py", line 42, in wrapped_app
    await app(scope, receive, sender)
  File "C:\Users\Imman\Kiwi_Bot_model\venv\Lib\site-packages\fastapi\routing.py", line 136, in app
    response = await f(request)
               ^^^^^^^^^^^^^^^^
  File "C:\Users\Imman\Kiwi_Bot_model\venv\Lib\site-packages\fastapi\routing.py", line 690, in app
    raw_response = await run_endpoint_function(
                   ^^^^^^^^^^^^^^^^^^^^^^^^^^^^
    ...<3 lines>...
    )
    ^
  File "C:\Users\Imman\Kiwi_Bot_model\venv\Lib\site-packages\fastapi\routing.py", line 344, in run_endpoint_function
    return await dependant.call(**values)
           ^^^^^^^^^^^^^^^^^^^^^^^^^^^^^^
  File "C:\Users\Imman\Kiwi_Bot_model\backend\api_server.py", line 573, in fyers_auth_token
    result = await session._fyers_broker.exchange_auth_code(auth_code)
                   ^^^^^^^^^^^^^^^^^^^^^^^^^^^^^^^^^^^^^^^^
AttributeError: 'FyersBroker' object has no attribute 'exchange_auth_code'
