Traceback (most recent call last):
  File "<frozen runpy>", line 203, in _run_module_as_main
  File "<frozen runpy>", line 88, in _run_code
  File "C:\Users\Imman\Kiwi_Bot_model\venv\Scripts\streamlit.exe\__main__.py", line 5, in <module>
    sys.exit(main())
             ~~~~^^
  File "C:\Users\Imman\Kiwi_Bot_model\venv\Lib\site-packages\click\core.py", line 1569, in __call__
    return self.main(*args, **kwargs)
           ~~~~~~~~~^^^^^^^^^^^^^^^^^
  File "C:\Users\Imman\Kiwi_Bot_model\venv\Lib\site-packages\click\core.py", line 1490, in main
    rv = self.invoke(ctx)
  File "C:\Users\Imman\Kiwi_Bot_model\venv\Lib\site-packages\click\core.py", line 1970, in invoke
    return _process_result(sub_ctx.command.invoke(sub_ctx))
                           ~~~~~~~~~~~~~~~~~~~~~~^^^^^^^^^
  File "C:\Users\Imman\Kiwi_Bot_model\venv\Lib\site-packages\click\core.py", line 1353, in invoke
    return ctx.invoke(self.callback, **ctx.params)
           ~~~~~~~~~~^^^^^^^^^^^^^^^^^^^^^^^^^^^^^
  File "C:\Users\Imman\Kiwi_Bot_model\venv\Lib\site-packages\click\core.py", line 907, in invoke
    return callback(*args, **kwargs)
  File "C:\Users\Imman\Kiwi_Bot_model\venv\Lib\site-packages\streamlit\web\cli.py", line 251, in main_run
    _main_run(path_str, args, flag_options=kwargs)
    ~~~~~~~~~^^^^^^^^^^^^^^^^^^^^^^^^^^^^^^^^^^^^^
  File "C:\Users\Imman\Kiwi_Bot_model\venv\Lib\site-packages\streamlit\web\cli.py", line 298, in _main_run
    bootstrap.load_config_options(flag_options=flag_options or {})
    ~~~~~~~~~~~~~~~~~~~~~~~~~~~~~^^^^^^^^^^^^^^^^^^^^^^^^^^^^^^^^^
  File "C:\Users\Imman\Kiwi_Bot_model\venv\Lib\site-packages\streamlit\web\bootstrap.py", line 294, in load_config_options
    config.get_config_options(force_reparse=True, options_from_flags=options_from_flags)
    ~~~~~~~~~~~~~~~~~~~~~~~~~^^^^^^^^^^^^^^^^^^^^^^^^^^^^^^^^^^^^^^^^^^^^^^^^^^^^^^^^^^^
  File "C:\Users\Imman\Kiwi_Bot_model\venv\Lib\site-packages\streamlit\config.py", line 2805, in get_config_options
    file_contents = file.read()
  File "<frozen codecs>", line 325, in decode
UnicodeDecodeError: 'utf-8' codec can't decode byte 0xff in position 0: invalid start byte
